[2025-03-03 23:54:02.508] [puff::index::jointLog] [info] Running fixFasta
[2025-03-03 23:54:02.922] [puff::index::jointLog] [warning] Removed 74 transcripts that were sequence duplicates of indexed transcripts.
[2025-03-03 23:54:02.922] [puff::index::jointLog] [warning] If you wish to retain duplicate transcripts, please use the `--keepDuplicates` flag
[2025-03-03 23:54:02.924] [puff::index::jointLog] [info] Replaced 325 non-ATCG nucleotides
[2025-03-03 23:54:02.924] [puff::index::jointLog] [info] Clipped poly-A tails from 0 transcripts
[2025-03-03 23:54:02.995] [puff::index::jointLog] [info] Filter size not provided; estimating from number of distinct k-mers
[2025-03-03 23:54:03.104] [puff::index::jointLog] [info] ntHll estimated 15419464 distinct k-mers, setting filter size to 2^28
[2025-03-03 23:54:10.794] [puff::index::jointLog] [info] Starting the Pufferfish indexing by reading the GFA binary file.
[2025-03-03 23:54:10.794] [puff::index::jointLog] [info] Setting the index/BinaryGfa directory Ecoli_index
[2025-03-03 23:54:10.815] [puff::index::jointLog] [info] Done wrapping the rank vector with a rank9sel structure.
[2025-03-03 23:54:10.816] [puff::index::jointLog] [info] contig count for validation: 53,189
[2025-03-03 23:54:10.826] [puff::index::jointLog] [info] Total # of Contigs : 53,189
[2025-03-03 23:54:10.826] [puff::index::jointLog] [info] Total # of numerical Contigs : 53,189
[2025-03-03 23:54:10.826] [puff::index::jointLog] [info] Total # of contig vec entries: 84,652
[2025-03-03 23:54:10.826] [puff::index::jointLog] [info] bits per offset entry 17
[2025-03-03 23:54:10.827] [puff::index::jointLog] [info] Done constructing the contig vector. 53190
[2025-03-03 23:54:10.839] [puff::index::jointLog] [info] # segments = 53,189
[2025-03-03 23:54:10.839] [puff::index::jointLog] [info] total length = 17,075,711
[2025-03-03 23:54:10.842] [puff::index::jointLog] [info] Reading the reference files ...
[2025-03-03 23:54:10.882] [puff::index::jointLog] [info] positional integer width = 25
[2025-03-03 23:54:10.882] [puff::index::jointLog] [info] seqSize = 17,075,711
[2025-03-03 23:54:10.882] [puff::index::jointLog] [info] rankSize = 17,075,711
[2025-03-03 23:54:10.882] [puff::index::jointLog] [info] edgeVecSize = 0
[2025-03-03 23:54:10.882] [puff::index::jointLog] [info] num keys = 15,480,041
[2025-03-03 23:54:11.863] [puff::index::jointLog] [info] mphf size = 9.6698 MB
[2025-03-03 23:54:11.883] [puff::index::jointLog] [info] chunk size = 8,537,856
[2025-03-03 23:54:11.883] [puff::index::jointLog] [info] chunk 0 = [0, 8,537,856)
[2025-03-03 23:54:11.883] [puff::index::jointLog] [info] chunk 1 = [8,537,856, 17,075,681)
[2025-03-03 23:54:12.968] [puff::index::jointLog] [info] finished populating pos vector
[2025-03-03 23:54:12.968] [puff::index::jointLog] [info] writing index components
[2025-03-03 23:54:13.024] [puff::index::jointLog] [info] finished writing dense pufferfish index
